[2025-03-31 09:52:16] local.ERROR: The C:\Users\matel\OneDrive\történelem\Dokumentumok\dmp\dmp\dmplaravel\dmplaravelapp\bootstrap\cache directory must be present and writable. {"exception":"[object] (Exception(code: 0): The C:\\Users\\matel\\OneDrive\\történelem\\Dokumentumok\\dmp\\dmp\\dmplaravel\\dmplaravelapp\\bootstrap\\cache directory must be present and writable. at C:\\Users\\matel\\OneDrive\\történelem\\Dokumentumok\\dmp\\dmp\\dmplaravel\\dmplaravelapp\\vendor\\laravel\\framework\\src\\Illuminate\\Foundation\\PackageManifest.php:179)
[stacktrace]
#0 C:\\Users\\matel\\OneDrive\\történelem\\Dokumentumok\\dmp\\dmp\\dmplaravel\\dmplaravelapp\\vendor\\laravel\\framework\\src\\Illuminate\\Foundation\\PackageManifest.php(132): Illuminate\\Foundation\\PackageManifest->write(Array)
#1 C:\\Users\\matel\\OneDrive\\történelem\\Dokumentumok\\dmp\\dmp\\dmplaravel\\dmplaravelapp\\vendor\\laravel\\framework\\src\\Illuminate\\Foundation\\PackageManifest.php(108): Illuminate\\Foundation\\PackageManifest->build()
#2 C:\\Users\\matel\\OneDrive\\történelem\\Dokumentumok\\dmp\\dmp\\dmplaravel\\dmplaravelapp\\vendor\\laravel\\framework\\src\\Illuminate\\Foundation\\PackageManifest.php(90): Illuminate\\Foundation\\PackageManifest->getManifest()
#3 C:\\Users\\matel\\OneDrive\\történelem\\Dokumentumok\\dmp\\dmp\\dmplaravel\\dmplaravelapp\\vendor\\laravel\\framework\\src\\Illuminate\\Foundation\\PackageManifest.php(79): Illuminate\\Foundation\\PackageManifest->config('aliases')
#4 C:\\Users\\matel\\OneDrive\\történelem\\Dokumentumok\\dmp\\dmp\\dmplaravel\\dmplaravelapp\\vendor\\laravel\\framework\\src\\Illuminate\\Foundation\\Bootstrap\\RegisterFacades.php(26): Illuminate\\Foundation\\PackageManifest->aliases()
#5 C:\\Users\\matel\\OneDrive\\történelem\\Dokumentumok\\dmp\\dmp\\dmplaravel\\dmplaravelapp\\vendor\\laravel\\framework\\src\\Illuminate\\Foundation\\Application.php(341): Illuminate\\Foundation\\Bootstrap\\RegisterFacades->bootstrap(Object(Illuminate\\Foundation\\Application))
#6 C:\\Users\\matel\\OneDrive\\történelem\\Dokumentumok\\dmp\\dmp\\dmplaravel\\dmplaravelapp\\vendor\\laravel\\framework\\src\\Illuminate\\Foundation\\Console\\Kernel.php(473): Illuminate\\Foundation\\Application->bootstrapWith(Array)
#7 C:\\Users\\matel\\OneDrive\\történelem\\Dokumentumok\\dmp\\dmp\\dmplaravel\\dmplaravelapp\\vendor\\laravel\\framework\\src\\Illuminate\\Foundation\\Console\\Kernel.php(195): Illuminate\\Foundation\\Console\\Kernel->bootstrap()
#8 C:\\Users\\matel\\OneDrive\\történelem\\Dokumentumok\\dmp\\dmp\\dmplaravel\\dmplaravelapp\\vendor\\laravel\\framework\\src\\Illuminate\\Foundation\\Application.php(1234): Illuminate\\Foundation\\Console\\Kernel->handle(Object(Symfony\\Component\\Console\\Input\\ArgvInput), Object(Symfony\\Component\\Console\\Output\\ConsoleOutput))
#9 C:\\Users\\matel\\OneDrive\\történelem\\Dokumentumok\\dmp\\dmp\\dmplaravel\\dmplaravelapp\\artisan(16): Illuminate\\Foundation\\Application->handleCommand(Object(Symfony\\Component\\Console\\Input\\ArgvInput))
#10 {main}
"} 
[2025-03-31 09:55:20] local.ERROR: The C:\Users\matel\OneDrive\történelem\Dokumentumok\dmp\dmp\dmplaravel\dmplaravelapp\bootstrap\cache directory must be present and writable. {"exception":"[object] (Exception(code: 0): The C:\\Users\\matel\\OneDrive\\történelem\\Dokumentumok\\dmp\\dmp\\dmplaravel\\dmplaravelapp\\bootstrap\\cache directory must be present and writable. at C:\\Users\\matel\\OneDrive\\történelem\\Dokumentumok\\dmp\\dmp\\dmplaravel\\dmplaravelapp\\vendor\\laravel\\framework\\src\\Illuminate\\Foundation\\PackageManifest.php:179)
[stacktrace]
#0 C:\\Users\\matel\\OneDrive\\történelem\\Dokumentumok\\dmp\\dmp\\dmplaravel\\dmplaravelapp\\vendor\\laravel\\framework\\src\\Illuminate\\Foundation\\PackageManifest.php(132): Illuminate\\Foundation\\PackageManifest->write(Array)
#1 C:\\Users\\matel\\OneDrive\\történelem\\Dokumentumok\\dmp\\dmp\\dmplaravel\\dmplaravelapp\\vendor\\laravel\\framework\\src\\Illuminate\\Foundation\\PackageManifest.php(108): Illuminate\\Foundation\\PackageManifest->build()
#2 C:\\Users\\matel\\OneDrive\\történelem\\Dokumentumok\\dmp\\dmp\\dmplaravel\\dmplaravelapp\\vendor\\laravel\\framework\\src\\Illuminate\\Foundation\\PackageManifest.php(90): Illuminate\\Foundation\\PackageManifest->getManifest()
#3 C:\\Users\\matel\\OneDrive\\történelem\\Dokumentumok\\dmp\\dmp\\dmplaravel\\dmplaravelapp\\vendor\\laravel\\framework\\src\\Illuminate\\Foundation\\PackageManifest.php(79): Illuminate\\Foundation\\PackageManifest->config('aliases')
#4 C:\\Users\\matel\\OneDrive\\történelem\\Dokumentumok\\dmp\\dmp\\dmplaravel\\dmplaravelapp\\vendor\\laravel\\framework\\src\\Illuminate\\Foundation\\Bootstrap\\RegisterFacades.php(26): Illuminate\\Foundation\\PackageManifest->aliases()
#5 C:\\Users\\matel\\OneDrive\\történelem\\Dokumentumok\\dmp\\dmp\\dmplaravel\\dmplaravelapp\\vendor\\laravel\\framework\\src\\Illuminate\\Foundation\\Application.php(341): Illuminate\\Foundation\\Bootstrap\\RegisterFacades->bootstrap(Object(Illuminate\\Foundation\\Application))
#6 C:\\Users\\matel\\OneDrive\\történelem\\Dokumentumok\\dmp\\dmp\\dmplaravel\\dmplaravelapp\\vendor\\laravel\\framework\\src\\Illuminate\\Foundation\\Http\\Kernel.php(186): Illuminate\\Foundation\\Application->bootstrapWith(Array)
#7 C:\\Users\\matel\\OneDrive\\történelem\\Dokumentumok\\dmp\\dmp\\dmplaravel\\dmplaravelapp\\vendor\\laravel\\framework\\src\\Illuminate\\Foundation\\Http\\Kernel.php(170): Illuminate\\Foundation\\Http\\Kernel->bootstrap()
#8 C:\\Users\\matel\\OneDrive\\történelem\\Dokumentumok\\dmp\\dmp\\dmplaravel\\dmplaravelapp\\vendor\\laravel\\framework\\src\\Illuminate\\Foundation\\Http\\Kernel.php(144): Illuminate\\Foundation\\Http\\Kernel->sendRequestThroughRouter(Object(Illuminate\\Http\\Request))
#9 C:\\Users\\matel\\OneDrive\\történelem\\Dokumentumok\\dmp\\dmp\\dmplaravel\\dmplaravelapp\\vendor\\laravel\\framework\\src\\Illuminate\\Foundation\\Application.php(1219): Illuminate\\Foundation\\Http\\Kernel->handle(Object(Illuminate\\Http\\Request))
#10 C:\\Users\\matel\\OneDrive\\történelem\\Dokumentumok\\dmp\\dmp\\dmplaravel\\dmplaravelapp\\public\\index.php(20): Illuminate\\Foundation\\Application->handleRequest(Object(Illuminate\\Http\\Request))
#11 {main}
"} 
